// Jest Snapshot v1, https://goo.gl/fbAQLP

exports[`renders children 1`] = `
<div>
  <div
    className="wrapper"
  >
    <div>
      Test
    </div>
  </div>
</div>
`;
